2026-10-08 09:44:46 | [DEBUG  ] | Начало валидации для login='ADMIN', password=***MASKED_72165b0b***, confirm=***MASKED_72165b0b***
2026-10-08 09:44:46 | [WARNING] | Отказ регистрации [login='ADMIN', pwd=***MASKED_72165b0b***]: Логин находится в списке запрещенных имен
2026-10-08 09:44:46 | [DEBUG  ] | Начало валидации для login='admin', password=***MASKED_72165b0b***, confirm=***MASKED_72165b0b***
2026-10-08 09:44:46 | [WARNING] | Отказ регистрации [login='admin', pwd=***MASKED_72165b0b***]: Логин находится в списке запрещенных имен
2026-10-08 09:44:46 | [DEBUG  ] | Начало валидации для login='user@test-.ru', password=***MASKED_72165b0b***, confirm=***MASKED_72165b0b***
2026-10-08 09:44:46 | [WARNING] | Отказ регистрации [login='user@test-.ru', pwd=***MASKED_72165b0b***]: Неверный формат адреса электронной почты
2026-10-08 09:44:46 | [DEBUG  ] | Начало валидации для login='user@test..ru', password=***MASKED_72165b0b***, confirm=***MASKED_72165b0b***
2026-10-08 09:44:46 | [WARNING] | Отказ регистрации [login='user@test..ru', pwd=***MASKED_72165b0b***]: Неверный формат адреса электронной почты
2026-10-08 09:44:46 | [DEBUG  ] | Начало валидации для login='user@@test.ru', password=***MASKED_72165b0b***, confirm=***MASKED_72165b0b***
2026-10-08 09:44:46 | [WARNING] | Отказ регистрации [login='user@@test.ru', pwd=***MASKED_72165b0b***]: Неверный формат адреса электронной почты
2026-10-08 09:44:46 | [DEBUG  ] | Начало валидации для login='user@test.ru.', password=***MASKED_72165b0b***, confirm=***MASKED_72165b0b***
2026-10-08 09:44:46 | [WARNING] | Отказ регистрации [login='user@test.ru.', pwd=***MASKED_72165b0b***]: Неверный формат адреса электронной почты
2026-10-08 09:44:46 | [DEBUG  ] | Начало валидации для login='user@test', password=***MASKED_72165b0b***, confirm=***MASKED_72165b0b***
2026-10-08 09:44:46 | [WARNING] | Отказ регистрации [login='user@test', pwd=***MASKED_72165b0b***]: Неверный формат адреса электронной почты
2026-10-08 09:44:46 | [DEBUG  ] | Начало валидации для login='+7-abc-123-4567', password=***MASKED_72165b0b***, confirm=***MASKED_72165b0b***
2026-10-08 09:44:46 | [WARNING] | Отказ регистрации [login='+7-abc-123-4567', pwd=***MASKED_72165b0b***]: Неверный формат номера телефона (ожидается формат +x-xxx-xxx-xxxx)
2026-10-08 09:44:46 | [DEBUG  ] | Начало валидации для login='+79991234567', password=***MASKED_72165b0b***, confirm=***MASKED_72165b0b***
2026-10-08 09:44:46 | [WARNING] | Отказ регистрации [login='+79991234567', pwd=***MASKED_72165b0b***]: Неверный формат номера телефона (ожидается формат +x-xxx-xxx-xxxx)
2026-10-08 09:44:46 | [DEBUG  ] | Начало валидации для login='usr1', password=***MASKED_72165b0b***, confirm=***MASKED_72165b0b***
2026-10-08 09:44:46 | [WARNING] | Отказ регистрации [login='usr1', pwd=***MASKED_72165b0b***]: Длина логина должна быть не менее 5 символов
2026-10-08 09:44:46 | [DEBUG  ] | Начало валидации для login='иван_99', password=***MASKED_72165b0b***, confirm=***MASKED_72165b0b***
2026-10-08 09:44:46 | [WARNING] | Отказ регистрации [login='иван_99', pwd=***MASKED_72165b0b***]: Логин может содержать только латинские буквы, цифры и символ подчеркивания '_'
2026-10-08 09:44:46 | [DEBUG  ] | Начало валидации для login='ivan-99', password=***MASKED_72165b0b***, confirm=***MASKED_72165b0b***
2026-10-08 09:44:46 | [WARNING] | Отказ регистрации [login='ivan-99', pwd=***MASKED_72165b0b***]: Логин может содержать только латинские буквы, цифры и символ подчеркивания '_'
2026-10-08 09:44:46 | [DEBUG  ] | Начало валидации для login='ivan_99', password=***MASKED_72165b0b***, confirm=***MASKED_3f283ad2***
2026-10-08 09:44:46 | [WARNING] | Отказ регистрации [login='ivan_99', pwd=***MASKED_72165b0b***, conf=***MASKED_3f283ad2***]: Пароль и подтверждение пароля не совпадают
2026-10-08 09:44:46 | [DEBUG  ] | Начало валидации для login='ivan_99', password=[EMPTY], confirm=[EMPTY]
2026-10-08 09:44:46 | [WARNING] | Отказ регистрации [login='ivan_99', pwd=[EMPTY]]: Длина пароля должна быть не менее 7 символов
2026-10-08 09:44:46 | [DEBUG  ] | Начало валидации для login='ivan_99', password=***MASKED_3cc119d9***, confirm=***MASKED_3cc119d9***
2026-10-08 09:44:46 | [WARNING] | Отказ регистрации [login='ivan_99', pwd=***MASKED_3cc119d9***]: Длина пароля должна быть не менее 7 символов
2026-10-08 09:44:46 | [DEBUG  ] | Начало валидации для login='ivan_99', password=***MASKED_a109e369***, confirm=***MASKED_a109e369***
2026-10-08 09:44:46 | [WARNING] | Отказ регистрации [login='ivan_99', pwd=***MASKED_a109e369***]: Пароль должен содержать только кириллицу, цифры и спецсимволы (латиница запрещена)
2026-10-08 09:44:46 | [DEBUG  ] | Начало валидации для login='ivan_99', password=***MASKED_f354924f***, confirm=***MASKED_f354924f***
2026-10-08 09:44:46 | [WARNING] | Отказ регистрации [login='ivan_99', pwd=***MASKED_f354924f***]: Пароль должен содержать как минимум одну цифру
2026-10-08 09:44:46 | [DEBUG  ] | Начало валидации для login='ivan_99', password=***MASKED_650e8abc***, confirm=***MASKED_650e8abc***
2026-10-08 09:44:46 | [WARNING] | Отказ регистрации [login='ivan_99', pwd=***MASKED_650e8abc***]: Пароль должен содержать как минимум одну строчную букву (кириллица)
2026-10-08 09:44:46 | [DEBUG  ] | Начало валидации для login='ivan_99', password=***MASKED_d0ce1b39***, confirm=***MASKED_d0ce1b39***
2026-10-08 09:44:46 | [WARNING] | Отказ регистрации [login='ivan_99', pwd=***MASKED_d0ce1b39***]: Пароль должен содержать как минимум один специальный символ
2026-10-08 09:44:46 | [DEBUG  ] | Начало валидации для login='ivan_99', password=***MASKED_2b63173b***, confirm=***MASKED_2b63173b***
2026-10-08 09:44:46 | [WARNING] | Отказ регистрации [login='ivan_99', pwd=***MASKED_2b63173b***]: Пароль должен содержать как минимум одну заглавную букву (кириллица)
2026-10-08 09:44:46 | [DEBUG  ] | Начало валидации для login='ab_12', password=***MASKED_72165b0b***, confirm=***MASKED_72165b0b***
2026-10-08 09:44:46 | [INFO   ] | Успешная регистрация пользователя: login='ab_12', pwd=***MASKED_72165b0b***, conf=***MASKED_72165b0b***
2026-10-08 09:44:46 | [DEBUG  ] | Начало валидации для login='ivan_99', password=***MASKED_dcd62ea8***, confirm=***MASKED_dcd62ea8***
2026-10-08 09:44:46 | [INFO   ] | Успешная регистрация пользователя: login='ivan_99', pwd=***MASKED_dcd62ea8***, conf=***MASKED_dcd62ea8***
2026-10-08 09:44:46 | [DEBUG  ] | Начало валидации для login='user@test.ru', password=***MASKED_72165b0b***, confirm=***MASKED_72165b0b***
2026-10-08 09:44:46 | [INFO   ] | Успешная регистрация пользователя: login='user@test.ru', pwd=***MASKED_72165b0b***, conf=***MASKED_72165b0b***
2026-10-08 09:44:46 | [DEBUG  ] | Начало валидации для login='+7-999-123-4567', password=***MASKED_72165b0b***, confirm=***MASKED_72165b0b***
2026-10-08 09:44:46 | [INFO   ] | Успешная регистрация пользователя: login='+7-999-123-4567', pwd=***MASKED_72165b0b***, conf=***MASKED_72165b0b***
2026-10-08 09:44:46 | [DEBUG  ] | Начало валидации для login='ivan_99', password=***MASKED_72165b0b***, confirm=***MASKED_72165b0b***
2026-10-08 09:44:46 | [INFO   ] | Успешная регистрация пользователя: login='ivan_99', pwd=***MASKED_72165b0b***, conf=***MASKED_72165b0b***
2026-10-08 09:44:46 | [DEBUG  ] | Начало валидации для login='ADMIN', password=***MASKED_72165b0b***, confirm=***MASKED_72165b0b***
2026-10-08 09:44:46 | [WARNING] | Отказ регистрации [login='ADMIN', pwd=***MASKED_72165b0b***]: Логин находится в списке запрещенных имен
2026-10-08 09:44:46 | [DEBUG  ] | Начало валидации для login='admin', password=***MASKED_72165b0b***, confirm=***MASKED_72165b0b***
2026-10-08 09:44:46 | [WARNING] | Отказ регистрации [login='admin', pwd=***MASKED_72165b0b***]: Логин находится в списке запрещенных имен
2026-10-08 09:44:46 | [DEBUG  ] | Начало валидации для login='user@test-.ru', password=***MASKED_72165b0b***, confirm=***MASKED_72165b0b***
2026-10-08 09:44:46 | [WARNING] | Отказ регистрации [login='user@test-.ru', pwd=***MASKED_72165b0b***]: Неверный формат адреса электронной почты
2026-10-08 09:44:46 | [DEBUG  ] | Начало валидации для login='user@test..ru', password=***MASKED_72165b0b***, confirm=***MASKED_72165b0b***
2026-10-08 09:44:46 | [WARNING] | Отказ регистрации [login='user@test..ru', pwd=***MASKED_72165b0b***]: Неверный формат адреса электронной почты
2026-10-08 09:44:46 | [DEBUG  ] | Начало валидации для login='user@@test.ru', password=***MASKED_72165b0b***, confirm=***MASKED_72165b0b***
2026-10-08 09:44:46 | [WARNING] | Отказ регистрации [login='user@@test.ru', pwd=***MASKED_72165b0b***]: Неверный формат адреса электронной почты
2026-10-08 09:44:46 | [DEBUG  ] | Начало валидации для login='user@test.ru.', password=***MASKED_72165b0b***, confirm=***MASKED_72165b0b***
2026-10-08 09:44:46 | [WARNING] | Отказ регистрации [login='user@test.ru.', pwd=***MASKED_72165b0b***]: Неверный формат адреса электронной почты
2026-10-08 09:44:46 | [DEBUG  ] | Начало валидации для login='user@test', password=***MASKED_72165b0b***, confirm=***MASKED_72165b0b***
2026-10-08 09:44:46 | [WARNING] | Отказ регистрации [login='user@test', pwd=***MASKED_72165b0b***]: Неверный формат адреса электронной почты
2026-10-08 09:44:46 | [DEBUG  ] | Начало валидации для login='+7-abc-123-4567', password=***MASKED_72165b0b***, confirm=***MASKED_72165b0b***
2026-10-08 09:44:46 | [WARNING] | Отказ регистрации [login='+7-abc-123-4567', pwd=***MASKED_72165b0b***]: Неверный формат номера телефона (ожидается формат +x-xxx-xxx-xxxx)
2026-10-08 09:44:46 | [DEBUG  ] | Начало валидации для login='+79991234567', password=***MASKED_72165b0b***, confirm=***MASKED_72165b0b***
2026-10-08 09:44:46 | [WARNING] | Отказ регистрации [login='+79991234567', pwd=***MASKED_72165b0b***]: Неверный формат номера телефона (ожидается формат +x-xxx-xxx-xxxx)
2026-10-08 09:44:46 | [DEBUG  ] | Начало валидации для login='usr1', password=***MASKED_72165b0b***, confirm=***MASKED_72165b0b***
2026-10-08 09:44:46 | [WARNING] | Отказ регистрации [login='usr1', pwd=***MASKED_72165b0b***]: Длина логина должна быть не менее 5 символов
2026-10-08 09:44:46 | [DEBUG  ] | Начало валидации для login='иван_99', password=***MASKED_72165b0b***, confirm=***MASKED_72165b0b***
2026-10-08 09:44:46 | [WARNING] | Отказ регистрации [login='иван_99', pwd=***MASKED_72165b0b***]: Логин может содержать только латинские буквы, цифры и символ подчеркивания '_'
2026-10-08 09:44:46 | [DEBUG  ] | Начало валидации для login='ivan-99', password=***MASKED_72165b0b***, confirm=***MASKED_72165b0b***
2026-10-08 09:44:46 | [WARNING] | Отказ регистрации [login='ivan-99', pwd=***MASKED_72165b0b***]: Логин может содержать только латинские буквы, цифры и символ подчеркивания '_'
2026-10-08 09:44:46 | [DEBUG  ] | Начало валидации для login='ivan_99', password=***MASKED_72165b0b***, confirm=***MASKED_3f283ad2***
2026-10-08 09:44:46 | [WARNING] | Отказ регистрации [login='ivan_99', pwd=***MASKED_72165b0b***, conf=***MASKED_3f283ad2***]: Пароль и подтверждение пароля не совпадают
2026-10-08 09:44:46 | [DEBUG  ] | Начало валидации для login='ivan_99', password=[EMPTY], confirm=[EMPTY]
2026-10-08 09:44:46 | [WARNING] | Отказ регистрации [login='ivan_99', pwd=[EMPTY]]: Длина пароля должна быть не менее 7 символов
2026-10-08 09:44:46 | [DEBUG  ] | Начало валидации для login='ivan_99', password=***MASKED_3cc119d9***, confirm=***MASKED_3cc119d9***
2026-10-08 09:44:46 | [WARNING] | Отказ регистрации [login='ivan_99', pwd=***MASKED_3cc119d9***]: Длина пароля должна быть не менее 7 символов
2026-10-08 09:44:46 | [DEBUG  ] | Начало валидации для login='ivan_99', password=***MASKED_a109e369***, confirm=***MASKED_a109e369***
2026-10-08 09:44:46 | [WARNING] | Отказ регистрации [login='ivan_99', pwd=***MASKED_a109e369***]: Пароль должен содержать только кириллицу, цифры и спецсимволы (латиница запрещена)
2026-10-08 09:44:46 | [DEBUG  ] | Начало валидации для login='ivan_99', password=***MASKED_f354924f***, confirm=***MASKED_f354924f***
2026-10-08 09:44:46 | [WARNING] | Отказ регистрации [login='ivan_99', pwd=***MASKED_f354924f***]: Пароль должен содержать как минимум одну цифру
2026-10-08 09:44:46 | [DEBUG  ] | Начало валидации для login='ivan_99', password=***MASKED_650e8abc***, confirm=***MASKED_650e8abc***
2026-10-08 09:44:46 | [WARNING] | Отказ регистрации [login='ivan_99', pwd=***MASKED_650e8abc***]: Пароль должен содержать как минимум одну строчную букву (кириллица)
2026-10-08 09:44:46 | [DEBUG  ] | Начало валидации для login='ivan_99', password=***MASKED_d0ce1b39***, confirm=***MASKED_d0ce1b39***
2026-10-08 09:44:46 | [WARNING] | Отказ регистрации [login='ivan_99', pwd=***MASKED_d0ce1b39***]: Пароль должен содержать как минимум один специальный символ
2026-10-08 09:44:46 | [DEBUG  ] | Начало валидации для login='ivan_99', password=***MASKED_2b63173b***, confirm=***MASKED_2b63173b***
2026-10-08 09:44:46 | [WARNING] | Отказ регистрации [login='ivan_99', pwd=***MASKED_2b63173b***]: Пароль должен содержать как минимум одну заглавную букву (кириллица)
2026-10-08 09:44:46 | [DEBUG  ] | Начало валидации для login='ab_12', password=***MASKED_72165b0b***, confirm=***MASKED_72165b0b***
2026-10-08 09:44:46 | [INFO   ] | Успешная регистрация пользователя: login='ab_12', pwd=***MASKED_72165b0b***, conf=***MASKED_72165b0b***
2026-10-08 09:44:46 | [DEBUG  ] | Начало валидации для login='ivan_99', password=***MASKED_dcd62ea8***, confirm=***MASKED_dcd62ea8***
2026-10-08 09:44:46 | [INFO   ] | Успешная регистрация пользователя: login='ivan_99', pwd=***MASKED_dcd62ea8***, conf=***MASKED_dcd62ea8***
2026-10-08 09:44:46 | [DEBUG  ] | Начало валидации для login='user@test.ru', password=***MASKED_72165b0b***, confirm=***MASKED_72165b0b***
2026-10-08 09:44:46 | [INFO   ] | Успешная регистрация пользователя: login='user@test.ru', pwd=***MASKED_72165b0b***, conf=***MASKED_72165b0b***
2026-10-08 09:44:46 | [DEBUG  ] | Начало валидации для login='+7-999-123-4567', password=***MASKED_72165b0b***, confirm=***MASKED_72165b0b***
2026-10-08 09:44:46 | [INFO   ] | Успешная регистрация пользователя: login='+7-999-123-4567', pwd=***MASKED_72165b0b***, conf=***MASKED_72165b0b***
2026-10-08 09:44:46 | [DEBUG  ] | Начало валидации для login='ivan_99', password=***MASKED_72165b0b***, confirm=***MASKED_72165b0b***
2026-10-08 09:44:46 | [INFO   ] | Успешная регистрация пользователя: login='ivan_99', pwd=***MASKED_72165b0b***, conf=***MASKED_72165b0b***
2026-10-08 09:46:14 | [DEBUG  ] | Начало валидации для login='ADMIN', password=***MASKED_72165b0b***, confirm=***MASKED_72165b0b***
2026-10-08 09:46:14 | [WARNING] | Отказ регистрации [login='ADMIN', pwd=***MASKED_72165b0b***]: Логин находится в списке запрещенных имен
2026-10-08 09:46:14 | [DEBUG  ] | Начало валидации для login='admin', password=***MASKED_72165b0b***, confirm=***MASKED_72165b0b***
2026-10-08 09:46:14 | [WARNING] | Отказ регистрации [login='admin', pwd=***MASKED_72165b0b***]: Логин находится в списке запрещенных имен
2026-10-08 09:46:14 | [DEBUG  ] | Начало валидации для login='user@test-.ru', password=***MASKED_72165b0b***, confirm=***MASKED_72165b0b***
2026-10-08 09:46:14 | [WARNING] | Отказ регистрации [login='user@test-.ru', pwd=***MASKED_72165b0b***]: Неверный формат адреса электронной почты
2026-10-08 09:46:14 | [DEBUG  ] | Начало валидации для login='user@test..ru', password=***MASKED_72165b0b***, confirm=***MASKED_72165b0b***
2026-10-08 09:46:14 | [WARNING] | Отказ регистрации [login='user@test..ru', pwd=***MASKED_72165b0b***]: Неверный формат адреса электронной почты
2026-10-08 09:46:14 | [DEBUG  ] | Начало валидации для login='user@@test.ru', password=***MASKED_72165b0b***, confirm=***MASKED_72165b0b***
2026-10-08 09:46:14 | [WARNING] | Отказ регистрации [login='user@@test.ru', pwd=***MASKED_72165b0b***]: Неверный формат адреса электронной почты
2026-10-08 09:46:14 | [DEBUG  ] | Начало валидации для login='user@test.ru.', password=***MASKED_72165b0b***, confirm=***MASKED_72165b0b***
2026-10-08 09:46:14 | [WARNING] | Отказ регистрации [login='user@test.ru.', pwd=***MASKED_72165b0b***]: Неверный формат адреса электронной почты
2026-10-08 09:46:14 | [DEBUG  ] | Начало валидации для login='user@test', password=***MASKED_72165b0b***, confirm=***MASKED_72165b0b***
2026-10-08 09:46:14 | [WARNING] | Отказ регистрации [login='user@test', pwd=***MASKED_72165b0b***]: Неверный формат адреса электронной почты
2026-10-08 09:46:14 | [DEBUG  ] | Начало валидации для login='+7-abc-123-4567', password=***MASKED_72165b0b***, confirm=***MASKED_72165b0b***
2026-10-08 09:46:14 | [WARNING] | Отказ регистрации [login='+7-abc-123-4567', pwd=***MASKED_72165b0b***]: Неверный формат номера телефона (ожидается формат +x-xxx-xxx-xxxx)
2026-10-08 09:46:14 | [DEBUG  ] | Начало валидации для login='+79991234567', password=***MASKED_72165b0b***, confirm=***MASKED_72165b0b***
2026-10-08 09:46:14 | [WARNING] | Отказ регистрации [login='+79991234567', pwd=***MASKED_72165b0b***]: Неверный формат номера телефона (ожидается формат +x-xxx-xxx-xxxx)
2026-10-08 09:46:14 | [DEBUG  ] | Начало валидации для login='usr1', password=***MASKED_72165b0b***, confirm=***MASKED_72165b0b***
2026-10-08 09:46:14 | [WARNING] | Отказ регистрации [login='usr1', pwd=***MASKED_72165b0b***]: Длина логина должна быть не менее 5 символов
2026-10-08 09:46:14 | [DEBUG  ] | Начало валидации для login='иван_99', password=***MASKED_72165b0b***, confirm=***MASKED_72165b0b***
2026-10-08 09:46:14 | [WARNING] | Отказ регистрации [login='иван_99', pwd=***MASKED_72165b0b***]: Логин может содержать только латинские буквы, цифры и символ подчеркивания '_'
2026-10-08 09:46:14 | [DEBUG  ] | Начало валидации для login='ivan-99', password=***MASKED_72165b0b***, confirm=***MASKED_72165b0b***
2026-10-08 09:46:14 | [WARNING] | Отказ регистрации [login='ivan-99', pwd=***MASKED_72165b0b***]: Логин может содержать только латинские буквы, цифры и символ подчеркивания '_'
2026-10-08 09:46:14 | [DEBUG  ] | Начало валидации для login='ivan_99', password=***MASKED_72165b0b***, confirm=***MASKED_3f283ad2***
2026-10-08 09:46:14 | [WARNING] | Отказ регистрации [login='ivan_99', pwd=***MASKED_72165b0b***, conf=***MASKED_3f283ad2***]: Пароль и подтверждение пароля не совпадают
2026-10-08 09:46:14 | [DEBUG  ] | Начало валидации для login='ivan_99', password=[EMPTY], confirm=[EMPTY]
2026-10-08 09:46:14 | [WARNING] | Отказ регистрации [login='ivan_99', pwd=[EMPTY]]: Длина пароля должна быть не менее 7 символов
2026-10-08 09:46:14 | [DEBUG  ] | Начало валидации для login='ivan_99', password=***MASKED_3cc119d9***, confirm=***MASKED_3cc119d9***
2026-10-08 09:46:14 | [WARNING] | Отказ регистрации [login='ivan_99', pwd=***MASKED_3cc119d9***]: Длина пароля должна быть не менее 7 символов
2026-10-08 09:46:14 | [DEBUG  ] | Начало валидации для login='ivan_99', password=***MASKED_a109e369***, confirm=***MASKED_a109e369***
2026-10-08 09:46:14 | [WARNING] | Отказ регистрации [login='ivan_99', pwd=***MASKED_a109e369***]: Пароль должен содержать только кириллицу, цифры и спецсимволы (латиница запрещена)
2026-10-08 09:46:14 | [DEBUG  ] | Начало валидации для login='ivan_99', password=***MASKED_f354924f***, confirm=***MASKED_f354924f***
2026-10-08 09:46:14 | [WARNING] | Отказ регистрации [login='ivan_99', pwd=***MASKED_f354924f***]: Пароль должен содержать как минимум одну цифру
2026-10-08 09:46:14 | [DEBUG  ] | Начало валидации для login='ivan_99', password=***MASKED_650e8abc***, confirm=***MASKED_650e8abc***
2026-10-08 09:46:14 | [WARNING] | Отказ регистрации [login='ivan_99', pwd=***MASKED_650e8abc***]: Пароль должен содержать как минимум одну строчную букву (кириллица)
2026-10-08 09:46:14 | [DEBUG  ] | Начало валидации для login='ivan_99', password=***MASKED_d0ce1b39***, confirm=***MASKED_d0ce1b39***
2026-10-08 09:46:14 | [WARNING] | Отказ регистрации [login='ivan_99', pwd=***MASKED_d0ce1b39***]: Пароль должен содержать как минимум один специальный символ
2026-10-08 09:46:14 | [DEBUG  ] | Начало валидации для login='ivan_99', password=***MASKED_2b63173b***, confirm=***MASKED_2b63173b***
2026-10-08 09:46:14 | [WARNING] | Отказ регистрации [login='ivan_99', pwd=***MASKED_2b63173b***]: Пароль должен содержать как минимум одну заглавную букву (кириллица)
2026-10-08 09:46:14 | [DEBUG  ] | Начало валидации для login='ab_12', password=***MASKED_72165b0b***, confirm=***MASKED_72165b0b***
2026-10-08 09:46:14 | [INFO   ] | Успешная регистрация пользователя: login='ab_12', pwd=***MASKED_72165b0b***, conf=***MASKED_72165b0b***
2026-10-08 09:46:14 | [DEBUG  ] | Начало валидации для login='ivan_99', password=***MASKED_dcd62ea8***, confirm=***MASKED_dcd62ea8***
2026-10-08 09:46:14 | [INFO   ] | Успешная регистрация пользователя: login='ivan_99', pwd=***MASKED_dcd62ea8***, conf=***MASKED_dcd62ea8***
2026-10-08 09:46:14 | [DEBUG  ] | Начало валидации для login='user@test.ru', password=***MASKED_72165b0b***, confirm=***MASKED_72165b0b***
2026-10-08 09:46:14 | [INFO   ] | Успешная регистрация пользователя: login='user@test.ru', pwd=***MASKED_72165b0b***, conf=***MASKED_72165b0b***
2026-10-08 09:46:14 | [DEBUG  ] | Начало валидации для login='+7-999-123-4567', password=***MASKED_72165b0b***, confirm=***MASKED_72165b0b***
2026-10-08 09:46:14 | [INFO   ] | Успешная регистрация пользователя: login='+7-999-123-4567', pwd=***MASKED_72165b0b***, conf=***MASKED_72165b0b***
2026-10-08 09:46:14 | [DEBUG  ] | Начало валидации для login='ivan_99', password=***MASKED_72165b0b***, confirm=***MASKED_72165b0b***
2026-10-08 09:46:14 | [INFO   ] | Успешная регистрация пользователя: login='ivan_99', pwd=***MASKED_72165b0b***, conf=***MASKED_72165b0b***
